<table border="1">
	<thead>
		<tr>
			<th rowspan="2" style="HEADER">Foo Int.</thtd>
			<th rowspan="2" style="HEADER">Foo String.</thtd>
			<th colspan="2" style="HEADER">1st</thtd>
			<th colspan="2" style="HEADER">2nd</thtd>
			<th colspan="2" style="HEADER">3rd</thtd>
		</tr>
		<tr>
			<th style="HEADER">Bar Int.</thtd>
			<th style="HEADER">Bar String.</thtd>
			<th style="HEADER">Bar Int.</thtd>
			<th style="HEADER">Bar String.</thtd>
			<th style="HEADER">Bar Int.</thtd>
			<th style="HEADER">Bar String.</thtd>
		</tr>
	</thead>
	<tbody>
		<tr>
			<td style="BODY">1</tdtd>
			<td style="BODY">one</tdtd>
			<td style="BODY">1</tdtd>
			<td style="BODY">one</tdtd>
			<td style="BODY">2</tdtd>
			<td style="BODY">two</tdtd>
			<td style="BODY">3</tdtd>
			<td style="BODY">three</tdtd>
		</tr>
		<tr>
			<td style="BODY">10</tdtd>
			<td style="BODY">ten</tdtd>
			<td style="BODY">10</tdtd>
			<td style="BODY">ten</tdtd>
			<td style="BODY">20</tdtd>
			<td style="BODY">twenty</tdtd>
			<td style="BODY">30</tdtd>
			<td style="BODY">thirty</tdtd>
		</tr>
		<tr>
			<td style="BODY">100</tdtd>
			<td style="BODY">hundred</tdtd>
			<td style="BODY">100</tdtd>
			<td style="BODY">hundred</tdtd>
			<td style="BODY">200</tdtd>
			<td style="BODY">two-hundred</tdtd>
			<td style="BODY">300</tdtd>
			<td style="BODY">three-hundred</tdtd>
		</tr>
	</tbody>
</table>
