ArrayList[
	InitialTest{
		tako = "tako"
		takoLeg = 8
		ika = "ika"
		ikaLeg = 10
		namako = "namako"
		namakoLeg = 0
		test = "最初のテスト１"
		aaa = "あああああ"
	}
	InitialTest{
		tako = "tako"
		takoLeg = 9
		ika = "ika"
		ikaLeg = 11
		namako = "namako"
		namakoLeg = 1
		test = "最初のテスト２"
		aaa = "あああああ"
	}
	InitialTest{
		tako = "tako"
		takoLeg = 10
		ika = "ika"
		ikaLeg = 12
		namako = "namako"
		namakoLeg = 2
		test = "最初のテスト３"
		aaa = "あああああ"
	}
]