ArrayList[
	Result{
		data = InitialTest{
			tako = "tako"
			takoLeg = 8
			ika = "ika"
			ikaLeg = 10
			namako = "namako"
			namakoLeg = 0
			test = "最初のテスト１"
			aaa = "あああああ"
		}
		recordNo = 1
		type = LONG_RECORD
		failureInfoList = null
	}
	Result{
		data = InitialTest{
			tako = "tako"
			takoLeg = 9
			ika = "ika"
			ikaLeg = 11
			namako = "namako"
			namakoLeg = 1
			test = "最初のテスト２"
			aaa = "あああああ"
		}
		recordNo = 2
		type = NORMAL
		failureInfoList = null
	}
	Result{
		data = InitialTest{
			tako = "tako"
			takoLeg = 10
			ika = "ika"
			ikaLeg = 12
			namako = "namako"
			namakoLeg = 2
			test = "最初のテスト３"
			aaa = "あああああ"
		}
		recordNo = 3
		type = LONG_RECORD
		failureInfoList = null
	}
]