tako(Style:HEADER)	ika(Style:HEADER)	namako(Style:HEADER)	test(Style:HEADER)		
			tako(Style:HEADER)	ika(Style:HEADER)	namako(Style:HEADER)
(Style:BODY)	squid(Style:BODY)	(Style:BODY)	(Style:BODY)	squid(Style:BODY)	(Style:BODY)
