tako(Style:HEADER)	ika(Style:HEADER)	namako(Style:HEADER)	test(Style:HEADER)							
			tako(Style:HEADER)	ika(Style:HEADER)	namako(Style:HEADER)	tori(Style:HEADER)	uma(Style:HEADER)	ushi(Style:HEADER)	sakana(Style:HEADER)	kuma(Style:HEADER)
(Style:BODY)	squid(Style:BODY)	(Style:BODY)	life-san(Style:BODY)	ikimono-san(Style:BODY)	ikimono-san(Style:BODY)	bird-san(Style:BODY)	hose-san(Style:BODY)	cow-san(Style:BODY)	ikimono-san(Style:BODY)	ikimono-san(Style:BODY)
(Style:BODY)	(Style:BODY)	(Style:BODY)	(Style:BODY)	ikimono-san(Style:BODY)	ikimono-san(Style:BODY)	(Style:BODY)	(Style:BODY)	(Style:BODY)	ikimono-san(Style:BODY)	ikimono-san(Style:BODY)
