foo:int(Style:HEADER)	foo:String(Style:HEADER)	bar:Bar(Style:HEADER)								bar:int(Style:HEADER)	bar:String(Style:HEADER)	key2-2(Style:HEADER)	key2-1(Style:HEADER)	bar:int(Style:HEADER)	bar:String(Style:HEADER)	key1-2(Style:HEADER)	key1-1(Style:HEADER)	bar:int(Style:HEADER)	bar:String(Style:HEADER)	key0-2(Style:HEADER)	key0-1(Style:HEADER)
		bar:int(Style:HEADER)	bar:String(Style:HEADER)	keyZ(Style:HEADER)		keyY(Style:HEADER)		keyX(Style:HEADER)				baz:int(Style:HEADER)	baz:int(Style:HEADER)			baz:int(Style:HEADER)	baz:int(Style:HEADER)			baz:int(Style:HEADER)	baz:int(Style:HEADER)
				baz:int(Style:HEADER)	baz:String(Style:HEADER)	baz:int(Style:HEADER)	baz:String(Style:HEADER)	baz:int(Style:HEADER)	baz:String(Style:HEADER)												
100(Style:BODY)	(Style:BODY)	0(Style:BODY)	(Style:BODY)	0(Style:BODY)	(Style:BODY)	1000(Style:BODY)	1000(Style:BODY)	100(Style:BODY)	100(Style:BODY)	500(Style:BODY)	500(Style:BODY)	1700(Style:BODY)	1600(Style:BODY)	200(Style:BODY)	200(Style:BODY)	1400(Style:BODY)	1300(Style:BODY)	0(Style:BODY)	(Style:BODY)	1000(Style:BODY)	1000(Style:BODY)
101(Style:BODY)	(Style:BODY)	0(Style:BODY)	(Style:BODY)	0(Style:BODY)	(Style:BODY)	1001(Style:BODY)	1001(Style:BODY)	101(Style:BODY)	101(Style:BODY)	501(Style:BODY)	501(Style:BODY)	1701(Style:BODY)	1601(Style:BODY)	201(Style:BODY)	201(Style:BODY)	1401(Style:BODY)	1301(Style:BODY)	0(Style:BODY)	(Style:BODY)	1000(Style:BODY)	1000(Style:BODY)
10000(Style:BODY)	10000(Style:BODY)	0(Style:BODY)	(Style:BODY)	0(Style:BODY)	(Style:BODY)	0(Style:BODY)	(Style:BODY)	0(Style:BODY)	(Style:BODY)	0(Style:BODY)	(Style:BODY)	1000(Style:BODY)	1000(Style:BODY)	20001(Style:BODY)	20001(Style:BODY)	1000(Style:BODY)	1000(Style:BODY)	0(Style:BODY)	(Style:BODY)	1000(Style:BODY)	1000(Style:BODY)
