foo:int(Style:HEADER)	foo:String(Style:HEADER)	bar:Bar(Style:HEADER)								bar:int(Style:HEADER)	bar:String(Style:HEADER)	key2-2(Style:HEADER)	key2-1(Style:HEADER)	bar:int(Style:HEADER)	bar:String(Style:HEADER)	key1-2(Style:HEADER)	key1-1(Style:HEADER)	bar:int(Style:HEADER)	bar:String(Style:HEADER)	key0-2(Style:HEADER)	key0-1(Style:HEADER)
		bar:int(Style:HEADER)	bar:String(Style:HEADER)	keyZ(Style:HEADER)		keyY(Style:HEADER)		keyX(Style:HEADER)				baz:int(Style:HEADER)	baz:int(Style:HEADER)			baz:int(Style:HEADER)	baz:int(Style:HEADER)			baz:int(Style:HEADER)	baz:int(Style:HEADER)
				baz:int(Style:HEADER)	baz:String(Style:HEADER)	baz:int(Style:HEADER)	baz:String(Style:HEADER)	baz:int(Style:HEADER)	baz:String(Style:HEADER)												
90100(Style:BODY)	(Style:BODY)	0(Style:BODY)	(Style:BODY)	0(Style:BODY)	(Style:BODY)	1000(Style:BODY)	1000(Style:BODY)	100(Style:BODY)	100(Style:BODY)	90500(Style:BODY)	500(Style:BODY)	91700(Style:BODY)	91600(Style:BODY)	90200(Style:BODY)	200(Style:BODY)	91400(Style:BODY)	91300(Style:BODY)	90000(Style:BODY)	(Style:BODY)	91000(Style:BODY)	91000(Style:BODY)
90101(Style:BODY)	(Style:BODY)	0(Style:BODY)	(Style:BODY)	0(Style:BODY)	(Style:BODY)	1001(Style:BODY)	1001(Style:BODY)	101(Style:BODY)	101(Style:BODY)	90501(Style:BODY)	501(Style:BODY)	91701(Style:BODY)	91601(Style:BODY)	90201(Style:BODY)	201(Style:BODY)	91401(Style:BODY)	91301(Style:BODY)	90000(Style:BODY)	(Style:BODY)	91000(Style:BODY)	91000(Style:BODY)
100000(Style:BODY)	10000(Style:BODY)	0(Style:BODY)	(Style:BODY)	0(Style:BODY)	(Style:BODY)	0(Style:BODY)	(Style:BODY)	0(Style:BODY)	(Style:BODY)	90000(Style:BODY)	(Style:BODY)	91000(Style:BODY)	91000(Style:BODY)	110001(Style:BODY)	20001(Style:BODY)	91000(Style:BODY)	91000(Style:BODY)	90000(Style:BODY)	(Style:BODY)	91000(Style:BODY)	91000(Style:BODY)
