foo:int(Style:HEADER)	foo:String(Style:HEADER)	bar:Bar(Style:HEADER)						bar:int(Style:HEADER)	bar:String(Style:HEADER)	key1-1(Style:HEADER)		key1-2(Style:HEADER)		bar:int(Style:HEADER)	bar:String(Style:HEADER)	key2-1(Style:HEADER)		key2-2(Style:HEADER)	
		bar:int(Style:HEADER)	bar:String(Style:HEADER)	keyX(Style:HEADER)		keyY(Style:HEADER)				baz:int(Style:HEADER)	baz:String(Style:HEADER)	baz:int(Style:HEADER)	baz:String(Style:HEADER)			baz:int(Style:HEADER)	baz:String(Style:HEADER)	baz:int(Style:HEADER)	baz:String(Style:HEADER)
				baz:int(Style:HEADER)	baz:String(Style:HEADER)	baz:int(Style:HEADER)	baz:String(Style:HEADER)												
100(Style:BODY)	(Style:BODY)	0(Style:BODY)	(Style:BODY)	100(Style:BODY)	100(Style:BODY)	1000(Style:BODY)	1000(Style:BODY)	200(Style:BODY)	200(Style:BODY)	300(Style:BODY)	300(Style:BODY)	400(Style:BODY)	400(Style:BODY)	500(Style:BODY)	500(Style:BODY)	600(Style:BODY)	600(Style:BODY)	700(Style:BODY)	700(Style:BODY)
101(Style:BODY)	(Style:BODY)	0(Style:BODY)	(Style:BODY)	101(Style:BODY)	101(Style:BODY)	1001(Style:BODY)	1001(Style:BODY)	201(Style:BODY)	201(Style:BODY)	301(Style:BODY)	301(Style:BODY)	401(Style:BODY)	401(Style:BODY)	501(Style:BODY)	501(Style:BODY)	601(Style:BODY)	601(Style:BODY)	701(Style:BODY)	701(Style:BODY)
10000(Style:BODY)	10000(Style:BODY)	0(Style:BODY)	(Style:BODY)	0(Style:BODY)	(Style:BODY)	0(Style:BODY)	(Style:BODY)	20001(Style:BODY)	20001(Style:BODY)	0(Style:BODY)	(Style:BODY)	0(Style:BODY)	(Style:BODY)	0(Style:BODY)	(Style:BODY)	0(Style:BODY)	(Style:BODY)	0(Style:BODY)	(Style:BODY)
