RecursiveMap{
	"0": RecursiveMap{
		"1": RecursiveMap{
			"2": RecursiveMap{
				"3": RecursiveMap{
					"4": RecursiveMap{
						"5": RecursiveMap{
							"6": RecursiveMap{
								"7": RecursiveMap{
									"8": RecursiveMap{
										"9": RecursiveMap{ }
									}
								}
							}
						}
					}
				}
			}
		}
	}
}