InitialTest{
	f1 = "1"
	f2 = "22"
	f3 = "333"
	f4 = "4444"
	f5 = "55555"
	f6 = "666666"
	f7 = "7777777"
	f8 = "88888888"
	f9 = "999999999"
}