ArrayList[
	StrAndInt{
		intNull = 0
		strNull = null
		str10 = "1234567890"
		str30 = "123456789012345678901234567890"
		int10 = 1234567890
		cls424 = class4_2_4{
			str4 = "4321"
			int2 = 21
			int4 = 4321
		}
	}
	StrAndInt{
		intNull = 0
		strNull = null
		str10 = "1234567890"
		str30 = "123456789012345678901234567890"
		int10 = 1234567890
		cls424 = class4_2_4{
			str4 = "4321"
			int2 = 21
			int4 = 4321
		}
	}
	StrAndInt{
		intNull = 0
		strNull = null
		str10 = "1234567890"
		str30 = "123456789012345678901234567890"
		int10 = 1234567890
		cls424 = class4_2_4{
			str4 = "4321"
			int2 = 21
			int4 = 4321
		}
	}
]